

================================================================
== Vivado HLS Report for 'InversShiftRow_ByteS'
================================================================
* Date:           Sat Apr 10 22:35:09 2021

* Version:        2019.1 (Build 2552052 on Fri May 24 15:28:33 MDT 2019)
* Project:        AES_Solutions
* Solution:       unoptimized
* Product family: zynq
* Target device:  xc7z020-clg484-1


================================================================
== Performance Estimates
================================================================
+ Timing (ns): 
    * Summary: 
    +--------+-------+----------+------------+
    |  Clock | Target| Estimated| Uncertainty|
    +--------+-------+----------+------------+
    |ap_clk  |  10.00|     6.508|        1.25|
    +--------+-------+----------+------------+

+ Latency (clock cycles): 
    * Summary: 
    +-----+-----+-----+-----+---------+
    |  Latency  |  Interval | Pipeline|
    | min | max | min | max |   Type  |
    +-----+-----+-----+-----+---------+
    |    1|   31|    1|   31|   none  |
    +-----+-----+-----+-----+---------+

    + Detail: 
        * Instance: 
        N/A

        * Loop: 
        N/A



================================================================
== Utilization Estimates
================================================================
* Summary: 
+-----------------+---------+-------+--------+-------+-----+
|       Name      | BRAM_18K| DSP48E|   FF   |  LUT  | URAM|
+-----------------+---------+-------+--------+-------+-----+
|DSP              |        -|      -|       -|      -|    -|
|Expression       |        -|      -|       -|      -|    -|
|FIFO             |        -|      -|       -|      -|    -|
|Instance         |        -|      -|       -|      -|    -|
|Memory           |        1|      -|       0|      0|    -|
|Multiplexer      |        -|      -|       -|   1643|    -|
|Register         |        -|      -|     294|      -|    -|
+-----------------+---------+-------+--------+-------+-----+
|Total            |        1|      0|     294|   1643|    0|
+-----------------+---------+-------+--------+-------+-----+
|Available        |      280|    220|  106400|  53200|    0|
+-----------------+---------+-------+--------+-------+-----+
|Utilization (%)  |    ~0   |      0|   ~0   |      3|    0|
+-----------------+---------+-------+--------+-------+-----+

+ Detail: 
    * Instance: 
    N/A

    * DSP48E: 
    N/A

    * Memory: 
    +-----------+----------------------+---------+---+----+-----+------+-----+------+-------------+
    |   Memory  |        Module        | BRAM_18K| FF| LUT| URAM| Words| Bits| Banks| W*Bits*Banks|
    +-----------+----------------------+---------+---+----+-----+------+-----+------+-------------+
    |invSbox_U  |InversShiftRow_ByeOg  |        1|  0|   0|    0|   256|    8|     1|         2048|
    +-----------+----------------------+---------+---+----+-----+------+-----+------+-------------+
    |Total      |                      |        1|  0|   0|    0|   256|    8|     1|         2048|
    +-----------+----------------------+---------+---+----+-----+------+-----+------+-------------+

    * FIFO: 
    N/A

    * Expression: 
    N/A

    * Multiplexer: 
    +------------------+-----+-----------+-----+-----------+
    |       Name       | LUT | Input Size| Bits| Total Bits|
    +------------------+-----+-----------+-----+-----------+
    |ap_NS_fsm         |  317|         71|    1|         71|
    |invSbox_address0  |  165|         37|    8|        296|
    |invSbox_address1  |  165|         37|    8|        296|
    |reg_1311          |    9|          2|    8|         16|
    |reg_1316          |    9|          2|    8|         16|
    |reg_1321          |    9|          2|    8|         16|
    |reg_1326          |    9|          2|    8|         16|
    |statemt_address0  |  305|         68|    5|        340|
    |statemt_address1  |  325|         73|    5|        365|
    |statemt_d0        |  165|         37|   32|       1184|
    |statemt_d1        |  165|         37|   32|       1184|
    +------------------+-----+-----------+-----+-----------+
    |Total             | 1643|        368|  123|       3800|
    +------------------+-----+-----------+-----+-----------+

    * Register: 
    +--------------------------+----+----+-----+-----------+
    |           Name           | FF | LUT| Bits| Const Bits|
    +--------------------------+----+----+-----+-----------+
    |ap_CS_fsm                 |  70|   0|   70|          0|
    |invSbox_load_60_reg_2367  |   8|   0|    8|          0|
    |invSbox_load_62_reg_2392  |   8|   0|    8|          0|
    |invSbox_load_63_reg_2417  |   8|   0|    8|          0|
    |invSbox_load_64_reg_2422  |   8|   0|    8|          0|
    |invSbox_load_65_reg_2447  |   8|   0|    8|          0|
    |invSbox_load_66_reg_2452  |   8|   0|    8|          0|
    |reg_1307                  |   8|   0|    8|          0|
    |reg_1311                  |   8|   0|    8|          0|
    |reg_1316                  |   8|   0|    8|          0|
    |reg_1321                  |   8|   0|    8|          0|
    |reg_1326                  |   8|   0|    8|          0|
    |reg_1331                  |   8|   0|    8|          0|
    |reg_1335                  |   8|   0|    8|          0|
    |reg_1339                  |   8|   0|    8|          0|
    |reg_1343                  |   8|   0|    8|          0|
    |reg_1347                  |   8|   0|    8|          0|
    |reg_1351                  |   8|   0|    8|          0|
    |reg_1355                  |   8|   0|    8|          0|
    |reg_1359                  |   8|   0|    8|          0|
    |reg_1363                  |   8|   0|    8|          0|
    |reg_1367                  |   8|   0|    8|          0|
    |reg_1371                  |   8|   0|    8|          0|
    |reg_1375                  |   8|   0|    8|          0|
    |reg_1379                  |   8|   0|    8|          0|
    |reg_1383                  |   8|   0|    8|          0|
    |reg_1387                  |   8|   0|    8|          0|
    |temp_14_reg_2362          |   8|   0|    8|          0|
    |temp_15_reg_2387          |   8|   0|    8|          0|
    +--------------------------+----+----+-----+-----------+
    |Total                     | 294|   0|  294|          0|
    +--------------------------+----+----+-----+-----------+



================================================================
== Interface
================================================================
* Summary: 
+------------------+-----+-----+------------+----------------------+--------------+
|     RTL Ports    | Dir | Bits|  Protocol  |     Source Object    |    C Type    |
+------------------+-----+-----+------------+----------------------+--------------+
|ap_clk            |  in |    1| ap_ctrl_hs | InversShiftRow_ByteS | return value |
|ap_rst            |  in |    1| ap_ctrl_hs | InversShiftRow_ByteS | return value |
|ap_start          |  in |    1| ap_ctrl_hs | InversShiftRow_ByteS | return value |
|ap_done           | out |    1| ap_ctrl_hs | InversShiftRow_ByteS | return value |
|ap_idle           | out |    1| ap_ctrl_hs | InversShiftRow_ByteS | return value |
|ap_ready          | out |    1| ap_ctrl_hs | InversShiftRow_ByteS | return value |
|statemt_address0  | out |    5|  ap_memory |        statemt       |     array    |
|statemt_ce0       | out |    1|  ap_memory |        statemt       |     array    |
|statemt_we0       | out |    1|  ap_memory |        statemt       |     array    |
|statemt_d0        | out |   32|  ap_memory |        statemt       |     array    |
|statemt_q0        |  in |   32|  ap_memory |        statemt       |     array    |
|statemt_address1  | out |    5|  ap_memory |        statemt       |     array    |
|statemt_ce1       | out |    1|  ap_memory |        statemt       |     array    |
|statemt_we1       | out |    1|  ap_memory |        statemt       |     array    |
|statemt_d1        | out |   32|  ap_memory |        statemt       |     array    |
|statemt_q1        |  in |   32|  ap_memory |        statemt       |     array    |
|nb                |  in |   32|   ap_none  |          nb          |    scalar    |
+------------------+-----+-----+------------+----------------------+--------------+

