

================================================================
== Vivado HLS Report for 'decrypt'
================================================================
* Date:           Sat Apr 10 23:28:07 2021

* Version:        2019.1 (Build 2552052 on Fri May 24 15:28:33 MDT 2019)
* Project:        AES_Solutions
* Solution:       inline
* Product family: zynq
* Target device:  xc7z020-clg484-1


================================================================
== Performance Estimates
================================================================
+ Timing (ns): 
    * Summary: 
    +--------+-------+----------+------------+
    |  Clock | Target| Estimated| Uncertainty|
    +--------+-------+----------+------------+
    |ap_clk  |  10.00|     8.279|        1.25|
    +--------+-------+----------+------------+

+ Latency (clock cycles): 
    * Summary: 
    +------+------+------+------+---------+
    |   Latency   |   Interval  | Pipeline|
    |  min |  max |  min |  max |   Type  |
    +------+------+------+------+---------+
    |  1860|  1940|  1860|  1940|   none  |
    +------+------+------+------+---------+

    + Detail: 
        * Instance: 
        N/A

        * Loop: 
        +-----------------+------+------+----------+-----------+-----------+------+----------+
        |                 |   Latency   | Iteration|  Initiation Interval  | Trip |          |
        |    Loop Name    |  min |  max |  Latency |  achieved |   target  | Count| Pipelined|
        +-----------------+------+------+----------+-----------+-----------+------+----------+
        |- Loop 1         |    40|    40|        10|          -|          -|     4|    no    |
        | + Loop 1.1      |     8|     8|         2|          -|          -|     4|    no    |
        |- Loop 2         |   520|   600|  13 ~ 15 |          -|          -|    40|    no    |
        | + Loop 2.1      |     8|     8|         2|          -|          -|     4|    no    |
        |- Loop 3         |    16|    16|         4|          -|          -|     4|    no    |
        |- Loop 4         |  1215|  1215|       135|          -|          -|     9|    no    |
        | + Loop 4.1      |    16|    16|         4|          -|          -|     4|    no    |
        | + Loop 4.2      |    88|    88|        22|          -|          -|     4|    no    |
        |  ++ Loop 4.2.1  |    20|    20|         5|          -|          -|     4|    no    |
        | + Loop 4.3      |    12|    12|         3|          -|          -|     4|    no    |
        |- Loop 5         |    16|    16|         4|          -|          -|     4|    no    |
        |- Loop 6         |    32|    32|         2|          -|          -|    16|    no    |
        +-----------------+------+------+----------+-----------+-----------+------+----------+



================================================================
== Utilization Estimates
================================================================
* Summary: 
+-----------------+---------+-------+--------+-------+-----+
|       Name      | BRAM_18K| DSP48E|   FF   |  LUT  | URAM|
+-----------------+---------+-------+--------+-------+-----+
|DSP              |        -|      -|       -|      -|    -|
|Expression       |        -|      -|       0|   2464|    -|
|FIFO             |        -|      -|       -|      -|    -|
|Instance         |        -|      -|       0|     21|    -|
|Memory           |        5|      -|      16|      6|    0|
|Multiplexer      |        -|      -|       -|   1320|    -|
|Register         |        -|      -|    1147|      -|    -|
+-----------------+---------+-------+--------+-------+-----+
|Total            |        5|      0|    1163|   3811|    0|
+-----------------+---------+-------+--------+-------+-----+
|Available        |      280|    220|  106400|  53200|    0|
+-----------------+---------+-------+--------+-------+-----+
|Utilization (%)  |        1|      0|       1|      7|    0|
+-----------------+---------+-------+--------+-------+-----+

+ Detail: 
    * Instance: 
    +--------------------------+----------------------+---------+-------+---+----+-----+
    |         Instance         |        Module        | BRAM_18K| DSP48E| FF| LUT| URAM|
    +--------------------------+----------------------+---------+-------+---+----+-----+
    |aes_main_mux_42_3cud_U13  |aes_main_mux_42_3cud  |        0|      0|  0|  21|    0|
    +--------------------------+----------------------+---------+-------+---+----+-----+
    |Total                     |                      |        0|      0|  0|  21|    0|
    +--------------------------+----------------------+---------+-------+---+----+-----+

    * DSP48E: 
    N/A

    * Memory: 
    +-------------------+----------------------+---------+---+----+-----+------+-----+------+-------------+
    |       Memory      |        Module        | BRAM_18K| FF| LUT| URAM| Words| Bits| Banks| W*Bits*Banks|
    +-------------------+----------------------+---------+---+----+-----+------+-----+------+-------------+
    |invSbox_U          |decrypt_invSbox       |        1|  0|   0|    0|   256|    8|     1|         2048|
    |out_dec_statemt_U  |decrypt_out_dec_sdEe  |        0|  8|   2|    0|    16|    8|     1|          128|
    |ret_U              |decrypt_ret           |        2|  0|   0|    0|    32|   32|     1|         1024|
    |Rcon0_U            |encrypt_Rcon0         |        0|  8|   4|    0|    30|    8|     1|          240|
    |Sbox_U             |encrypt_Sbox          |        2|  0|   0|    0|   256|    8|     1|         2048|
    +-------------------+----------------------+---------+---+----+-----+------+-----+------+-------------+
    |Total              |                      |        5| 16|   6|    0|   590|   64|     5|         5488|
    +-------------------+----------------------+---------+---+----+-----+------+-----+------+-------------+

    * FIFO: 
    N/A

    * Expression: 
    +----------------------------+----------+-------+---+----+------------+------------+
    |        Variable Name       | Operation| DSP48E| FF| LUT| Bitwidth P0| Bitwidth P1|
    +----------------------------+----------+-------+---+----+------------+------------+
    |add_ln115_fu_3257_p2        |     +    |      0|  0|  13|           4|           2|
    |add_ln136_fu_3571_p2        |     +    |      0|  0|  39|          32|          32|
    |add_ln137_fu_1433_p2        |     +    |      0|  0|  13|           4|           4|
    |add_ln147_2_fu_1820_p2      |     +    |      0|  0|  13|           2|           4|
    |add_ln147_3_fu_1541_p2      |     +    |      0|  0|  15|           7|           8|
    |add_ln147_fu_1522_p2        |     +    |      0|  0|  15|           2|           6|
    |add_ln148_fu_1552_p2        |     +    |      0|  0|  15|           8|           9|
    |add_ln149_fu_1563_p2        |     +    |      0|  0|  15|           9|           9|
    |add_ln163_3_fu_2055_p2      |     +    |      0|  0|  14|          10|          10|
    |add_ln163_4_fu_2065_p2      |     +    |      0|  0|  14|          10|          10|
    |add_ln163_fu_2003_p2        |     +    |      0|  0|  15|           6|           4|
    |add_ln248_4_fu_1760_p2      |     +    |      0|  0|  14|          10|          10|
    |add_ln248_5_fu_1897_p2      |     +    |      0|  0|  14|          10|          10|
    |add_ln248_6_fu_1970_p2      |     +    |      0|  0|  14|          10|          10|
    |add_ln248_fu_1670_p2        |     +    |      0|  0|  14|          10|          10|
    |add_ln456_fu_2411_p2        |     +    |      0|  0|  15|           7|           7|
    |add_ln457_fu_2425_p2        |     +    |      0|  0|  15|           8|           7|
    |add_ln458_fu_2463_p2        |     +    |      0|  0|  15|           9|           8|
    |add_ln459_fu_2474_p2        |     +    |      0|  0|  15|           9|           9|
    |add_ln467_fu_2541_p2        |     +    |      0|  0|  15|           5|           5|
    |add_ln480_1_fu_2555_p2      |     +    |      0|  0|  10|           2|           1|
    |add_ln506_fu_2676_p2        |     +    |      0|  0|  10|           2|           2|
    |add_ln565_fu_2133_p2        |     +    |      0|  0|  15|           7|           8|
    |add_ln566_fu_2175_p2        |     +    |      0|  0|  15|           8|           9|
    |add_ln567_fu_2186_p2        |     +    |      0|  0|  15|           9|           9|
    |i_6_fu_2023_p2              |     +    |      0|  0|  12|           3|           1|
    |i_7_fu_3541_p2              |     +    |      0|  0|  15|           5|           1|
    |i_8_fu_3227_p2              |     +    |      0|  0|  12|           3|           1|
    |i_9_fu_2535_p2              |     +    |      0|  0|  12|           3|           1|
    |i_fu_1427_p2                |     +    |      0|  0|  12|           3|           1|
    |j_10_fu_2511_p2             |     +    |      0|  0|  12|           3|           1|
    |j_6_fu_2110_p2              |     +    |      0|  0|  12|           3|           1|
    |j_7_fu_2088_p2              |     +    |      0|  0|  15|           6|           1|
    |j_8_fu_3449_p2              |     +    |      0|  0|  12|           3|           1|
    |j_9_fu_2405_p2              |     +    |      0|  0|  12|           3|           1|
    |j_fu_1399_p2                |     +    |      0|  0|  12|           3|           1|
    |sub_ln137_fu_1467_p2        |     -    |      0|  0|  13|          11|          11|
    |sub_ln163_fu_2049_p2        |     -    |      0|  0|  14|          10|          10|
    |sub_ln248_10_fu_1729_p2     |     -    |      0|  0|  15|           1|           6|
    |sub_ln248_12_fu_1867_p2     |     -    |      0|  0|  15|           1|           6|
    |sub_ln248_13_fu_1608_p2     |     -    |      0|  0|  14|           1|          10|
    |sub_ln248_14_fu_1940_p2     |     -    |      0|  0|  15|           1|           6|
    |sub_ln248_15_fu_1680_p2     |     -    |      0|  0|  39|           1|          32|
    |sub_ln248_16_fu_1698_p2     |     -    |      0|  0|  14|           1|          10|
    |sub_ln248_17_fu_1766_p2     |     -    |      0|  0|  39|           1|          32|
    |sub_ln248_18_fu_1846_p2     |     -    |      0|  0|  14|           1|          10|
    |sub_ln248_19_fu_1786_p2     |     -    |      0|  0|  39|           1|          32|
    |sub_ln248_20_fu_1919_p2     |     -    |      0|  0|  14|           1|          10|
    |sub_ln248_8_fu_1639_p2      |     -    |      0|  0|  15|           1|           6|
    |sub_ln248_fu_1590_p2        |     -    |      0|  0|  39|           1|          32|
    |icmp_ln115_fu_2377_p2       |   icmp   |      0|  0|   9|           4|           1|
    |icmp_ln133_fu_1393_p2       |   icmp   |      0|  0|   9|           3|           4|
    |icmp_ln135_1_fu_3535_p2     |   icmp   |      0|  0|  11|           5|           6|
    |icmp_ln135_fu_1421_p2       |   icmp   |      0|  0|   9|           3|           4|
    |icmp_ln136_fu_3557_p2       |   icmp   |      0|  0|  18|          32|          32|
    |icmp_ln140_fu_1506_p2       |   icmp   |      0|  0|  11|           6|           6|
    |icmp_ln145_fu_1516_p2       |   icmp   |      0|  0|   8|           2|           1|
    |icmp_ln162_fu_2017_p2       |   icmp   |      0|  0|   9|           3|           4|
    |icmp_ln452_fu_2399_p2       |   icmp   |      0|  0|   9|           3|           4|
    |icmp_ln461_fu_2505_p2       |   icmp   |      0|  0|   9|           3|           4|
    |icmp_ln465_fu_2529_p2       |   icmp   |      0|  0|   9|           3|           4|
    |icmp_ln468_fu_2582_p2       |   icmp   |      0|  0|  18|          32|           9|
    |icmp_ln472_fu_2737_p2       |   icmp   |      0|  0|  18|          32|           9|
    |icmp_ln476_fu_2794_p2       |   icmp   |      0|  0|  18|          32|           9|
    |icmp_ln481_fu_2604_p2       |   icmp   |      0|  0|  18|          32|           9|
    |icmp_ln484_fu_2824_p2       |   icmp   |      0|  0|  18|          32|           9|
    |icmp_ln488_fu_2881_p2       |   icmp   |      0|  0|  18|          32|           9|
    |icmp_ln494_fu_2909_p2       |   icmp   |      0|  0|  18|          32|           9|
    |icmp_ln498_fu_3036_p2       |   icmp   |      0|  0|  18|          32|           9|
    |icmp_ln501_fu_3092_p2       |   icmp   |      0|  0|  18|          32|           9|
    |icmp_ln507_fu_2969_p2       |   icmp   |      0|  0|  18|          32|           9|
    |icmp_ln510_fu_3119_p2       |   icmp   |      0|  0|  18|          32|           9|
    |icmp_ln513_fu_3175_p2       |   icmp   |      0|  0|  18|          32|           9|
    |icmp_ln519_fu_3221_p2       |   icmp   |      0|  0|   9|           3|           4|
    |icmp_ln559_2_fu_3443_p2     |   icmp   |      0|  0|   9|           3|           4|
    |icmp_ln559_fu_2104_p2       |   icmp   |      0|  0|   9|           3|           4|
    |or_ln137_fu_1477_p2         |    or    |      0|  0|   3|           1|           3|
    |or_ln457_fu_2449_p2         |    or    |      0|  0|   5|           5|           1|
    |or_ln458_fu_2485_p2         |    or    |      0|  0|   5|           5|           2|
    |or_ln459_fu_2495_p2         |    or    |      0|  0|   5|           5|           2|
    |or_ln525_fu_3246_p2         |    or    |      0|  0|   5|           5|           1|
    |or_ln526_fu_3263_p2         |    or    |      0|  0|   5|           5|           2|
    |or_ln527_fu_3273_p2         |    or    |      0|  0|   5|           5|           2|
    |or_ln565_2_fu_3486_p2       |    or    |      0|  0|   4|           4|           1|
    |or_ln565_fu_2161_p2         |    or    |      0|  0|   4|           4|           1|
    |or_ln566_2_fu_3515_p2       |    or    |      0|  0|   4|           4|           2|
    |or_ln566_fu_2197_p2         |    or    |      0|  0|   4|           4|           2|
    |or_ln567_2_fu_3525_p2       |    or    |      0|  0|   4|           4|           2|
    |or_ln567_fu_2207_p2         |    or    |      0|  0|   4|           4|           2|
    |select_ln248_10_fu_1745_p3  |  select  |      0|  0|   6|           1|           6|
    |select_ln248_11_fu_1860_p3  |  select  |      0|  0|  10|           1|          10|
    |select_ln248_12_fu_1882_p3  |  select  |      0|  0|   6|           1|           6|
    |select_ln248_13_fu_1933_p3  |  select  |      0|  0|  10|           1|          10|
    |select_ln248_14_fu_1955_p3  |  select  |      0|  0|   6|           1|           6|
    |select_ln248_8_fu_1655_p3   |  select  |      0|  0|   6|           1|           6|
    |select_ln248_9_fu_1712_p3   |  select  |      0|  0|  10|           1|          10|
    |select_ln248_fu_1622_p3     |  select  |      0|  0|  10|           1|          10|
    |select_ln468_fu_2707_p3     |  select  |      0|  0|  31|           1|          31|
    |select_ln472_fu_2755_p3     |  select  |      0|  0|  31|           1|          31|
    |select_ln481_fu_2640_p3     |  select  |      0|  0|  31|           1|          31|
    |select_ln484_fu_2841_p3     |  select  |      0|  0|  31|           1|          31|
    |select_ln494_fu_2933_p3     |  select  |      0|  0|  31|           1|          31|
    |select_ln498_fu_3058_p3     |  select  |      0|  0|  31|           1|          31|
    |select_ln501_fu_3104_p3     |  select  |      0|  0|  32|           1|          32|
    |select_ln507_fu_3005_p3     |  select  |      0|  0|  31|           1|          31|
    |select_ln510_fu_3141_p3     |  select  |      0|  0|  31|           1|          31|
    |x_12_fu_2893_p3             |  select  |      0|  0|  32|           1|          32|
    |x_17_fu_3187_p3             |  select  |      0|  0|  32|           1|          32|
    |x_9_fu_2806_p3              |  select  |      0|  0|  32|           1|          32|
    |grp_fu_1291_p2              |    xor   |      0|  0|  32|          32|          32|
    |grp_fu_1297_p2              |    xor   |      0|  0|  32|          32|          32|
    |temp_0_fu_1981_p2           |    xor   |      0|  0|   8|           8|           8|
    |x_11_fu_2887_p2             |    xor   |      0|  0|  32|          32|           9|
    |x_14_fu_3098_p2             |    xor   |      0|  0|  32|          32|           9|
    |x_16_fu_3181_p2             |    xor   |      0|  0|  32|          32|           9|
    |x_8_fu_2800_p2              |    xor   |      0|  0|  32|          32|           9|
    |xor_ln163_fu_2098_p2        |    xor   |      0|  0|  32|          32|          32|
    |xor_ln468_fu_2701_p2        |    xor   |      0|  0|  31|          31|           9|
    |xor_ln471_fu_2714_p2        |    xor   |      0|  0|  31|          31|          31|
    |xor_ln472_fu_2749_p2        |    xor   |      0|  0|  31|          31|           9|
    |xor_ln475_fu_2763_p2        |    xor   |      0|  0|  31|          31|          31|
    |xor_ln483_fu_2622_p2        |    xor   |      0|  0|  31|          31|           9|
    |xor_ln484_fu_2835_p2        |    xor   |      0|  0|  31|          31|           9|
    |xor_ln487_fu_2849_p2        |    xor   |      0|  0|  31|          31|          31|
    |xor_ln493_fu_2658_p2        |    xor   |      0|  0|   3|           2|           3|
    |xor_ln494_fu_2927_p2        |    xor   |      0|  0|  31|          31|           9|
    |xor_ln497_fu_2945_p2        |    xor   |      0|  0|  31|          31|          31|
    |xor_ln500_fu_3047_p2        |    xor   |      0|  0|  31|          31|           9|
    |xor_ln509_fu_2987_p2        |    xor   |      0|  0|  31|          31|           9|
    |xor_ln512_fu_3130_p2        |    xor   |      0|  0|  31|          31|           9|
    |xor_ln516_1_fu_3195_p2      |    xor   |      0|  0|  32|          32|          32|
    |xor_ln516_2_fu_3199_p2      |    xor   |      0|  0|  32|          32|          32|
    |xor_ln516_3_fu_3023_p2      |    xor   |      0|  0|  32|          32|          32|
    |xor_ln516_4_fu_3204_p2      |    xor   |      0|  0|  32|          32|          32|
    |xor_ln516_5_fu_3210_p2      |    xor   |      0|  0|  32|          32|          32|
    |xor_ln516_fu_3215_p2        |    xor   |      0|  0|  32|          32|          32|
    +----------------------------+----------+-------+---+----+------------+------------+
    |Total                       |          |      0|  0|2464|        1604|        1611|
    +----------------------------+----------+-------+---+----+------------+------------+

    * Multiplexer: 
    +-------------------+-----+-----------+-----+-----------+
    |        Name       | LUT | Input Size| Bits| Total Bits|
    +-------------------+-----+-----------+-----+-----------+
    |ap_NS_fsm          |  309|         69|    1|         69|
    |i_0_i18_reg_1230   |    9|          2|    3|          6|
    |i_0_i_reg_1109     |    9|          2|    3|          6|
    |i_1_i_reg_1241     |    9|          2|    3|          6|
    |i_2_i_reg_1173     |    9|          2|    3|          6|
    |i_2_reg_1264       |    9|          2|    5|         10|
    |i_5_reg_1195       |    9|          2|    4|          8|
    |invSbox_address0   |   85|         17|    8|        136|
    |invSbox_address1   |   85|         17|    8|        136|
    |j_0_i16_reg_1207   |    9|          2|    3|          6|
    |j_0_i27_reg_1252   |    9|          2|    3|          6|
    |j_0_i7_reg_1184    |    9|          2|    3|          6|
    |j_0_i_reg_1097     |    9|          2|    3|          6|
    |j_1_i17_reg_1218   |    9|          2|    3|          6|
    |j_1_i_reg_1121     |    9|          2|    6|         12|
    |main_result_o      |    9|          2|   32|         64|
    |reg_1323           |    9|          2|   32|         64|
    |reg_1328           |    9|          2|   32|         64|
    |reg_1347           |    9|          2|    8|         16|
    |reg_1352           |    9|          2|    8|         16|
    |ret_address0       |   21|          4|    5|         20|
    |ret_address1       |   15|          3|    5|         15|
    |statemt_address0   |  149|         33|    5|        165|
    |statemt_address1   |  149|         33|    5|        165|
    |statemt_d0         |   97|         20|   32|        640|
    |statemt_d1         |   97|         20|   32|        640|
    |temp_0_0_reg_1153  |    9|          2|   32|         64|
    |temp_1_0_reg_1143  |    9|          2|   32|         64|
    |temp_2_0_reg_1133  |    9|          2|   32|         64|
    |temp_3_reg_1163    |    9|          2|   32|         64|
    |word_address0      |   56|         13|    9|        117|
    |word_address1      |   53|         12|    9|        108|
    |word_d0            |   15|          3|   32|         96|
    +-------------------+-----+-----------+-----+-----------+
    |Total              | 1320|        286|  433|       2871|
    +-------------------+-----+-----------+-----+-----------+

    * Register: 
    +--------------------------+----+----+-----+-----------+
    |           Name           | FF | LUT| Bits| Const Bits|
    +--------------------------+----+----+-----+-----------+
    |add_ln115_reg_4240        |   4|   0|    4|          0|
    |add_ln163_4_reg_3784      |  10|   0|   10|          0|
    |add_ln248_4_reg_3679      |  10|   0|   10|          0|
    |add_ln248_reg_3674        |  10|   0|   10|          0|
    |add_ln456_reg_4029        |   7|   0|    7|          0|
    |ap_CS_fsm                 |  68|   0|   68|          0|
    |i_0_i18_reg_1230          |   3|   0|    3|          0|
    |i_0_i_reg_1109            |   3|   0|    3|          0|
    |i_1_i_reg_1241            |   3|   0|    3|          0|
    |i_2_i_reg_1173            |   3|   0|    3|          0|
    |i_2_reg_1264              |   5|   0|    5|          0|
    |i_5_reg_1195              |   4|   0|    4|          0|
    |i_6_reg_3774              |   3|   0|    3|          0|
    |i_7_reg_4402              |   5|   0|    5|          0|
    |i_8_reg_4209              |   3|   0|    3|          0|
    |i_9_reg_4096              |   3|   0|    3|          0|
    |i_reg_3604                |   3|   0|    3|          0|
    |icmp_ln468_reg_4122       |   1|   0|    1|          0|
    |j_0_i16_reg_1207          |   3|   0|    3|          0|
    |j_0_i27_reg_1252          |   3|   0|    3|          0|
    |j_0_i7_reg_1184           |   3|   0|    3|          0|
    |j_0_i_reg_1097            |   3|   0|    3|          0|
    |j_10_reg_4083             |   3|   0|    3|          0|
    |j_1_i17_reg_1218          |   3|   0|    3|          0|
    |j_1_i_reg_1121            |   6|   0|    6|          0|
    |j_6_reg_3802              |   3|   0|    3|          0|
    |j_8_reg_4348              |   3|   0|    3|          0|
    |j_9_reg_4024              |   3|   0|    3|          0|
    |j_reg_3591                |   3|   0|    3|          0|
    |or_ln3_reg_3807           |   3|   0|    6|          3|
    |reg_1323                  |  32|   0|   32|          0|
    |reg_1328                  |  32|   0|   32|          0|
    |reg_1333                  |  32|   0|   32|          0|
    |reg_1338                  |  32|   0|   32|          0|
    |reg_1343                  |   8|   0|    8|          0|
    |reg_1347                  |   8|   0|    8|          0|
    |reg_1352                  |   8|   0|    8|          0|
    |reg_1357                  |   8|   0|    8|          0|
    |reg_1361                  |   8|   0|    8|          0|
    |reg_1365                  |   8|   0|    8|          0|
    |reg_1369                  |   8|   0|    8|          0|
    |reg_1373                  |   8|   0|    8|          0|
    |reg_1377                  |   8|   0|    8|          0|
    |reg_1381                  |   8|   0|    8|          0|
    |reg_1385                  |   8|   0|    8|          0|
    |reg_1389                  |   8|   0|    8|          0|
    |select_ln481_reg_4144     |  31|   0|   31|          0|
    |select_ln507_reg_4185     |  31|   0|   31|          0|
    |shl_ln1_reg_4088          |   3|   0|    5|          2|
    |shl_ln2_reg_4214          |   3|   0|    5|          2|
    |shl_ln564_2_reg_4363      |   2|   0|    4|          2|
    |shl_ln8_reg_3822          |   2|   0|    4|          2|
    |shl_ln9_reg_4044          |   3|   0|    5|          2|
    |shl_ln_reg_3596           |   2|   0|    4|          2|
    |statemt_addr_48_reg_3828  |   2|   0|    5|          3|
    |statemt_addr_49_reg_3833  |   2|   0|    5|          3|
    |statemt_addr_50_reg_3858  |   2|   0|    5|          3|
    |statemt_addr_51_reg_3863  |   2|   0|    5|          3|
    |statemt_addr_52_reg_4369  |   2|   0|    5|          3|
    |statemt_addr_53_reg_4374  |   2|   0|    5|          3|
    |statemt_addr_54_reg_4389  |   2|   0|    5|          3|
    |statemt_addr_55_reg_4394  |   2|   0|    5|          3|
    |statemt_addr_56_reg_4050  |   3|   0|    5|          2|
    |statemt_addr_57_reg_4055  |   3|   0|    5|          2|
    |statemt_addr_58_reg_4070  |   3|   0|    5|          2|
    |statemt_addr_59_reg_4075  |   3|   0|    5|          2|
    |statemt_load_74_reg_4138  |  32|   0|   32|          0|
    |statemt_load_75_reg_4164  |  32|   0|   32|          0|
    |statemt_load_76_reg_4180  |  32|   0|   32|          0|
    |temp_0_0_reg_1153         |  32|   0|   32|          0|
    |temp_0_2_reg_3642         |  32|   0|   32|          0|
    |temp_1_0_reg_1143         |  32|   0|   32|          0|
    |temp_1_2_reg_3647         |  32|   0|   32|          0|
    |temp_2_0_reg_1133         |  32|   0|   32|          0|
    |temp_3_reg_1163           |  32|   0|   32|          0|
    |tmp_29_reg_3662           |   1|   0|    1|          0|
    |tmp_33_reg_3668           |   1|   0|    1|          0|
    |tmp_39_reg_3684           |   1|   0|    1|          0|
    |tmp_43_reg_3700           |   1|   0|    1|          0|
    |tmp_4_reg_3789            |  32|   0|   32|          0|
    |tmp_59_reg_4149           |  24|   0|   24|          0|
    |tmp_62_reg_4175           |  24|   0|   24|          0|
    |tmp_67_reg_4191           |  24|   0|   24|          0|
    |trunc_ln248_12_reg_3690   |   4|   0|    4|          0|
    |trunc_ln248_14_reg_3706   |   4|   0|    4|          0|
    |trunc_ln469_reg_4127      |  30|   0|   30|          0|
    |trunc_ln470_reg_4132      |  31|   0|   31|          0|
    |trunc_ln480_reg_4111      |   2|   0|    2|          0|
    |word_addr_20_reg_3626     |   9|   0|    9|          0|
    |word_addr_21_reg_3631     |   9|   0|    9|          0|
    |word_addr_22_reg_3637     |   6|   0|    9|          3|
    |xor_ln497_reg_4169        |  31|   0|   31|          0|
    |xor_ln516_3_reg_4196      |  32|   0|   32|          0|
    |xor_ln516_reg_4201        |  32|   0|   32|          0|
    |zext_ln162_reg_3766       |   6|   0|   10|          4|
    |zext_ln163_reg_3761       |   6|   0|   10|          4|
    |zext_ln248_1_reg_3711     |   6|   0|    6|          0|
    |zext_ln248_s_reg_3695     |   6|   0|    6|          0|
    |zext_ln452_reg_4016       |   4|   0|    7|          3|
    |zext_ln467_reg_4101       |   5|   0|   64|         59|
    |zext_ln524_reg_4220       |   3|   0|   64|         61|
    |zext_ln525_reg_4230       |   3|   0|   64|         61|
    |zext_ln526_reg_4245       |   3|   0|   64|         61|
    |zext_ln527_reg_4255       |   3|   0|   64|         61|
    +--------------------------+----+----+-----+-----------+
    |Total                     |1147|   0| 1511|        364|
    +--------------------------+----+----+-----+-----------+



================================================================
== Interface
================================================================
* Summary: 
+----------------------+-----+-----+------------+--------------+--------------+
|       RTL Ports      | Dir | Bits|  Protocol  | Source Object|    C Type    |
+----------------------+-----+-----+------------+--------------+--------------+
|ap_clk                |  in |    1| ap_ctrl_hs |    decrypt   | return value |
|ap_rst                |  in |    1| ap_ctrl_hs |    decrypt   | return value |
|ap_start              |  in |    1| ap_ctrl_hs |    decrypt   | return value |
|ap_done               | out |    1| ap_ctrl_hs |    decrypt   | return value |
|ap_idle               | out |    1| ap_ctrl_hs |    decrypt   | return value |
|ap_ready              | out |    1| ap_ctrl_hs |    decrypt   | return value |
|statemt_address0      | out |    5|  ap_memory |    statemt   |     array    |
|statemt_ce0           | out |    1|  ap_memory |    statemt   |     array    |
|statemt_we0           | out |    1|  ap_memory |    statemt   |     array    |
|statemt_d0            | out |   32|  ap_memory |    statemt   |     array    |
|statemt_q0            |  in |   32|  ap_memory |    statemt   |     array    |
|statemt_address1      | out |    5|  ap_memory |    statemt   |     array    |
|statemt_ce1           | out |    1|  ap_memory |    statemt   |     array    |
|statemt_we1           | out |    1|  ap_memory |    statemt   |     array    |
|statemt_d1            | out |   32|  ap_memory |    statemt   |     array    |
|statemt_q1            |  in |   32|  ap_memory |    statemt   |     array    |
|key_address0          | out |    5|  ap_memory |      key     |     array    |
|key_ce0               | out |    1|  ap_memory |      key     |     array    |
|key_q0                |  in |   32|  ap_memory |      key     |     array    |
|word_address0         | out |    9|  ap_memory |     word     |     array    |
|word_ce0              | out |    1|  ap_memory |     word     |     array    |
|word_we0              | out |    1|  ap_memory |     word     |     array    |
|word_d0               | out |   32|  ap_memory |     word     |     array    |
|word_q0               |  in |   32|  ap_memory |     word     |     array    |
|word_address1         | out |    9|  ap_memory |     word     |     array    |
|word_ce1              | out |    1|  ap_memory |     word     |     array    |
|word_q1               |  in |   32|  ap_memory |     word     |     array    |
|round_val             | out |    5|   ap_vld   |   round_val  |    pointer   |
|round_val_ap_vld      | out |    1|   ap_vld   |   round_val  |    pointer   |
|nb                    | out |    4|   ap_vld   |      nb      |    pointer   |
|nb_ap_vld             | out |    1|   ap_vld   |      nb      |    pointer   |
|main_result_i         |  in |   32|   ap_ovld  |  main_result |    pointer   |
|main_result_o         | out |   32|   ap_ovld  |  main_result |    pointer   |
|main_result_o_ap_vld  | out |    1|   ap_ovld  |  main_result |    pointer   |
+----------------------+-----+-----+------------+--------------+--------------+

