

================================================================
== Vivado HLS Report for 'encrypt'
================================================================
* Date:           Sat Apr 10 23:28:07 2021

* Version:        2019.1 (Build 2552052 on Fri May 24 15:28:33 MDT 2019)
* Project:        AES_Solutions
* Solution:       inline
* Product family: zynq
* Target device:  xc7z020-clg484-1


================================================================
== Performance Estimates
================================================================
+ Timing (ns): 
    * Summary: 
    +--------+-------+----------+------------+
    |  Clock | Target| Estimated| Uncertainty|
    +--------+-------+----------+------------+
    |ap_clk  |  10.00|     8.706|        1.25|
    +--------+-------+----------+------------+

+ Latency (clock cycles): 
    * Summary: 
    +------+------+------+------+---------+
    |   Latency   |   Interval  | Pipeline|
    |  min |  max |  min |  max |   Type  |
    +------+------+------+------+---------+
    |  1095|  1175|  1095|  1175|   none  |
    +------+------+------+------+---------+

    + Detail: 
        * Instance: 
        N/A

        * Loop: 
        +-------------+-----+-----+----------+-----------+-----------+------+----------+
        |             |  Latency  | Iteration|  Initiation Interval  | Trip |          |
        |  Loop Name  | min | max |  Latency |  achieved |   target  | Count| Pipelined|
        +-------------+-----+-----+----------+-----------+-----------+------+----------+
        |- Loop 1     |   40|   40|        10|          -|          -|     4|    no    |
        | + Loop 1.1  |    8|    8|         2|          -|          -|     4|    no    |
        |- Loop 2     |  520|  600|  13 ~ 15 |          -|          -|    40|    no    |
        | + Loop 2.1  |    8|    8|         2|          -|          -|     4|    no    |
        |- Loop 3     |   16|   16|         4|          -|          -|     4|    no    |
        |- Loop 4     |  450|  450|        50|          -|          -|     9|    no    |
        | + Loop 4.1  |   20|   20|         5|          -|          -|     4|    no    |
        | + Loop 4.2  |   12|   12|         3|          -|          -|     4|    no    |
        |- Loop 5     |   16|   16|         4|          -|          -|     4|    no    |
        |- Loop 6     |   32|   32|         2|          -|          -|    16|    no    |
        +-------------+-----+-----+----------+-----------+-----------+------+----------+



================================================================
== Utilization Estimates
================================================================
* Summary: 
+-----------------+---------+-------+--------+-------+-----+
|       Name      | BRAM_18K| DSP48E|   FF   |  LUT  | URAM|
+-----------------+---------+-------+--------+-------+-----+
|DSP              |        -|      -|       -|      -|    -|
|Expression       |        -|      -|       0|   2411|    -|
|FIFO             |        -|      -|       -|      -|    -|
|Instance         |        -|      -|       0|     21|    -|
|Memory           |        4|      -|      16|      6|    0|
|Multiplexer      |        -|      -|       -|   1240|    -|
|Register         |        -|      -|     884|      -|    -|
+-----------------+---------+-------+--------+-------+-----+
|Total            |        4|      0|     900|   3678|    0|
+-----------------+---------+-------+--------+-------+-----+
|Available        |      280|    220|  106400|  53200|    0|
+-----------------+---------+-------+--------+-------+-----+
|Utilization (%)  |        1|      0|   ~0   |      6|    0|
+-----------------+---------+-------+--------+-------+-----+

+ Detail: 
    * Instance: 
    +-------------------------+----------------------+---------+-------+---+----+-----+
    |         Instance        |        Module        | BRAM_18K| DSP48E| FF| LUT| URAM|
    +-------------------------+----------------------+---------+-------+---+----+-----+
    |aes_main_mux_42_3cud_U1  |aes_main_mux_42_3cud  |        0|      0|  0|  21|    0|
    +-------------------------+----------------------+---------+-------+---+----+-----+
    |Total                    |                      |        0|      0|  0|  21|    0|
    +-------------------------+----------------------+---------+-------+---+----+-----+

    * DSP48E: 
    N/A

    * Memory: 
    +-------------------+----------------------+---------+---+----+-----+------+-----+------+-------------+
    |       Memory      |        Module        | BRAM_18K| FF| LUT| URAM| Words| Bits| Banks| W*Bits*Banks|
    +-------------------+----------------------+---------+---+----+-----+------+-----+------+-------------+
    |Rcon0_U            |encrypt_Rcon0         |        0|  8|   4|    0|    30|    8|     1|          240|
    |Sbox_U             |encrypt_Sbox          |        2|  0|   0|    0|   256|    8|     1|         2048|
    |out_enc_statemt_U  |encrypt_out_enc_sbkb  |        0|  8|   2|    0|    16|    8|     1|          128|
    |ret_U              |encrypt_ret           |        2|  0|   0|    0|    32|   32|     1|         1024|
    +-------------------+----------------------+---------+---+----+-----+------+-----+------+-------------+
    |Total              |                      |        4| 16|   6|    0|   334|   56|     4|         3440|
    +-------------------+----------------------+---------+---+----+-----+------+-----+------+-------------+

    * FIFO: 
    N/A

    * Expression: 
    +---------------------------+----------+-------+---+----+------------+------------+
    |       Variable Name       | Operation| DSP48E| FF| LUT| Bitwidth P0| Bitwidth P1|
    +---------------------------+----------+-------+---+----+------------+------------+
    |add_ln130_fu_3191_p2       |     +    |      0|  0|  39|          32|          32|
    |add_ln137_fu_1367_p2       |     +    |      0|  0|  13|           4|           4|
    |add_ln147_1_fu_1754_p2     |     +    |      0|  0|  13|           2|           4|
    |add_ln147_2_fu_1475_p2     |     +    |      0|  0|  15|           7|           8|
    |add_ln147_fu_1456_p2       |     +    |      0|  0|  15|           2|           6|
    |add_ln148_fu_1486_p2       |     +    |      0|  0|  15|           8|           9|
    |add_ln149_fu_1497_p2       |     +    |      0|  0|  15|           9|           9|
    |add_ln163_1_fu_1989_p2     |     +    |      0|  0|  14|          10|          10|
    |add_ln163_2_fu_1999_p2     |     +    |      0|  0|  14|          10|          10|
    |add_ln163_fu_1937_p2       |     +    |      0|  0|  15|           6|           4|
    |add_ln248_1_fu_1694_p2     |     +    |      0|  0|  14|          10|          10|
    |add_ln248_2_fu_1831_p2     |     +    |      0|  0|  14|          10|          10|
    |add_ln248_3_fu_1904_p2     |     +    |      0|  0|  14|          10|          10|
    |add_ln248_fu_1604_p2       |     +    |      0|  0|  14|          10|          10|
    |add_ln391_fu_2352_p2       |     +    |      0|  0|  39|          32|          32|
    |add_ln403_fu_2366_p2       |     +    |      0|  0|  14|           7|          10|
    |add_ln415_fu_2411_p2       |     +    |      0|  0|  14|           8|          10|
    |add_ln427_fu_2421_p2       |     +    |      0|  0|  14|           9|          10|
    |add_ln565_fu_3071_p2       |     +    |      0|  0|  15|           7|           8|
    |add_ln566_fu_3113_p2       |     +    |      0|  0|  15|           8|           9|
    |add_ln567_fu_3124_p2       |     +    |      0|  0|  15|           9|           9|
    |i_1_fu_1957_p2             |     +    |      0|  0|  12|           3|           1|
    |i_3_fu_3161_p2             |     +    |      0|  0|  15|           5|           1|
    |i_4_fu_2856_p2             |     +    |      0|  0|  13|           4|           1|
    |i_fu_1361_p2               |     +    |      0|  0|  12|           3|           1|
    |j_1_fu_2044_p2             |     +    |      0|  0|  12|           3|           1|
    |j_2_fu_2022_p2             |     +    |      0|  0|  15|           6|           1|
    |j_3_fu_3048_p2             |     +    |      0|  0|  12|           3|           1|
    |j_4_fu_2318_p2             |     +    |      0|  0|  12|           3|           1|
    |j_5_fu_2822_p2             |     +    |      0|  0|  12|           3|           1|
    |j_fu_1333_p2               |     +    |      0|  0|  12|           3|           1|
    |sub_ln137_fu_1401_p2       |     -    |      0|  0|  13|          11|          11|
    |sub_ln163_fu_1983_p2       |     -    |      0|  0|  14|          10|          10|
    |sub_ln248_10_fu_1720_p2    |     -    |      0|  0|  39|           1|          32|
    |sub_ln248_11_fu_1853_p2    |     -    |      0|  0|  14|           1|          10|
    |sub_ln248_1_fu_1573_p2     |     -    |      0|  0|  15|           1|           6|
    |sub_ln248_2_fu_1542_p2     |     -    |      0|  0|  14|           1|          10|
    |sub_ln248_3_fu_1663_p2     |     -    |      0|  0|  15|           1|           6|
    |sub_ln248_4_fu_1614_p2     |     -    |      0|  0|  39|           1|          32|
    |sub_ln248_5_fu_1801_p2     |     -    |      0|  0|  15|           1|           6|
    |sub_ln248_6_fu_1632_p2     |     -    |      0|  0|  14|           1|          10|
    |sub_ln248_7_fu_1874_p2     |     -    |      0|  0|  15|           1|           6|
    |sub_ln248_8_fu_1700_p2     |     -    |      0|  0|  39|           1|          32|
    |sub_ln248_9_fu_1780_p2     |     -    |      0|  0|  14|           1|          10|
    |sub_ln248_fu_1524_p2       |     -    |      0|  0|  39|           1|          32|
    |icmp_ln109_fu_2130_p2      |   icmp   |      0|  0|   9|           4|           4|
    |icmp_ln129_fu_3155_p2      |   icmp   |      0|  0|  11|           5|           6|
    |icmp_ln130_fu_3177_p2      |   icmp   |      0|  0|  18|          32|          32|
    |icmp_ln133_fu_1327_p2      |   icmp   |      0|  0|   9|           3|           4|
    |icmp_ln135_fu_1355_p2      |   icmp   |      0|  0|   9|           3|           4|
    |icmp_ln140_fu_1440_p2      |   icmp   |      0|  0|  11|           6|           6|
    |icmp_ln145_fu_1450_p2      |   icmp   |      0|  0|   8|           2|           1|
    |icmp_ln162_fu_1951_p2      |   icmp   |      0|  0|   9|           3|           4|
    |icmp_ln378_fu_2312_p2      |   icmp   |      0|  0|   9|           3|           4|
    |icmp_ln383_fu_2385_p2      |   icmp   |      0|  0|  18|          32|           9|
    |icmp_ln387_fu_2491_p2      |   icmp   |      0|  0|  18|          32|           9|
    |icmp_ln395_fu_2439_p2      |   icmp   |      0|  0|  18|          32|           9|
    |icmp_ln399_fu_2579_p2      |   icmp   |      0|  0|  18|          32|           9|
    |icmp_ln407_fu_2630_p2      |   icmp   |      0|  0|  18|          32|           9|
    |icmp_ln411_fu_2680_p2      |   icmp   |      0|  0|  18|          32|           9|
    |icmp_ln419_fu_2730_p2      |   icmp   |      0|  0|  18|          32|           9|
    |icmp_ln423_fu_2773_p2      |   icmp   |      0|  0|  18|          32|           9|
    |icmp_ln430_fu_2816_p2      |   icmp   |      0|  0|   9|           3|           4|
    |icmp_ln559_1_fu_3042_p2    |   icmp   |      0|  0|   9|           3|           4|
    |icmp_ln559_fu_2038_p2      |   icmp   |      0|  0|   9|           3|           4|
    |or_ln137_fu_1411_p2        |    or    |      0|  0|   3|           1|           3|
    |or_ln385_fu_2341_p2        |    or    |      0|  0|   4|           4|           1|
    |or_ln391_1_fu_2401_p2      |    or    |      0|  0|   4|           4|           2|
    |or_ln391_fu_2391_p2        |    or    |      0|  0|   4|           4|           2|
    |or_ln435_fu_2845_p2        |    or    |      0|  0|   4|           4|           1|
    |or_ln436_fu_2862_p2        |    or    |      0|  0|   4|           4|           2|
    |or_ln437_fu_2872_p2        |    or    |      0|  0|   4|           4|           2|
    |or_ln565_1_fu_3099_p2      |    or    |      0|  0|   4|           4|           1|
    |or_ln565_fu_2081_p2        |    or    |      0|  0|   4|           4|           1|
    |or_ln566_1_fu_3135_p2      |    or    |      0|  0|   4|           4|           2|
    |or_ln566_fu_2110_p2        |    or    |      0|  0|   4|           4|           2|
    |or_ln567_1_fu_3145_p2      |    or    |      0|  0|   4|           4|           2|
    |or_ln567_fu_2120_p2        |    or    |      0|  0|   4|           4|           2|
    |select_ln248_1_fu_1589_p3  |  select  |      0|  0|   6|           1|           6|
    |select_ln248_2_fu_1646_p3  |  select  |      0|  0|  10|           1|          10|
    |select_ln248_3_fu_1679_p3  |  select  |      0|  0|   6|           1|           6|
    |select_ln248_4_fu_1794_p3  |  select  |      0|  0|  10|           1|          10|
    |select_ln248_5_fu_1816_p3  |  select  |      0|  0|   6|           1|           6|
    |select_ln248_6_fu_1867_p3  |  select  |      0|  0|  10|           1|          10|
    |select_ln248_7_fu_1889_p3  |  select  |      0|  0|   6|           1|           6|
    |select_ln248_fu_1556_p3    |  select  |      0|  0|  10|           1|          10|
    |select_ln383_fu_2456_p3    |  select  |      0|  0|  32|           1|          32|
    |select_ln387_fu_2503_p3    |  select  |      0|  0|  32|           1|          32|
    |select_ln395_fu_2542_p3    |  select  |      0|  0|  32|           1|          32|
    |select_ln399_fu_2591_p3    |  select  |      0|  0|  32|           1|          32|
    |select_ln407_fu_2642_p3    |  select  |      0|  0|  32|           1|          32|
    |select_ln411_fu_2692_p3    |  select  |      0|  0|  32|           1|          32|
    |select_ln419_fu_2742_p3    |  select  |      0|  0|  32|           1|          32|
    |select_ln423_fu_2785_p3    |  select  |      0|  0|  32|           1|          32|
    |grp_fu_1213_p2             |    xor   |      0|  0|  32|          32|          32|
    |grp_fu_1219_p2             |    xor   |      0|  0|  32|          32|          32|
    |temp_0_fu_1915_p2          |    xor   |      0|  0|   8|           8|           8|
    |x_1_fu_2468_p2             |    xor   |      0|  0|  32|          32|          32|
    |x_3_fu_2555_p2             |    xor   |      0|  0|  32|          32|          32|
    |x_5_fu_2656_p2             |    xor   |      0|  0|  32|          32|          32|
    |x_7_fu_2750_p2             |    xor   |      0|  0|  32|          32|          32|
    |xor_ln163_fu_2032_p2       |    xor   |      0|  0|  32|          32|          32|
    |xor_ln384_fu_2450_p2       |    xor   |      0|  0|  32|          32|           9|
    |xor_ln388_fu_2497_p2       |    xor   |      0|  0|  32|          32|           9|
    |xor_ln391_1_fu_2517_p2     |    xor   |      0|  0|  32|          32|          32|
    |xor_ln391_2_fu_2529_p2     |    xor   |      0|  0|  32|          32|          32|
    |xor_ln391_3_fu_2523_p2     |    xor   |      0|  0|  32|          32|          32|
    |xor_ln391_fu_2511_p2       |    xor   |      0|  0|  32|          32|          32|
    |xor_ln396_fu_2536_p2       |    xor   |      0|  0|  32|          32|           9|
    |xor_ln400_fu_2585_p2       |    xor   |      0|  0|  32|          32|           9|
    |xor_ln403_1_fu_2604_p2     |    xor   |      0|  0|  32|          32|          32|
    |xor_ln403_2_fu_2616_p2     |    xor   |      0|  0|  32|          32|          32|
    |xor_ln403_3_fu_2610_p2     |    xor   |      0|  0|  32|          32|          32|
    |xor_ln403_fu_2599_p2       |    xor   |      0|  0|  32|          32|          32|
    |xor_ln408_fu_2636_p2       |    xor   |      0|  0|  32|          32|           9|
    |xor_ln412_fu_2686_p2       |    xor   |      0|  0|  32|          32|           9|
    |xor_ln415_1_fu_2704_p2     |    xor   |      0|  0|  32|          32|          32|
    |xor_ln415_2_fu_2716_p2     |    xor   |      0|  0|  32|          32|          32|
    |xor_ln415_3_fu_2710_p2     |    xor   |      0|  0|  32|          32|          32|
    |xor_ln415_fu_2700_p2       |    xor   |      0|  0|  32|          32|          32|
    |xor_ln420_fu_2736_p2       |    xor   |      0|  0|  32|          32|           9|
    |xor_ln424_fu_2779_p2       |    xor   |      0|  0|  32|          32|           9|
    |xor_ln427_1_fu_2798_p2     |    xor   |      0|  0|  32|          32|          32|
    |xor_ln427_2_fu_2810_p2     |    xor   |      0|  0|  32|          32|          32|
    |xor_ln427_3_fu_2804_p2     |    xor   |      0|  0|  32|          32|          32|
    |xor_ln427_fu_2793_p2       |    xor   |      0|  0|  32|          32|          32|
    +---------------------------+----------+-------+---+----+------------+------------+
    |Total                      |          |      0|  0|2411|        1670|        1755|
    +---------------------------+----------+-------+---+----+------------+------------+

    * Multiplexer: 
    +-------------------+-----+-----------+-----+-----------+
    |        Name       | LUT | Input Size| Bits| Total Bits|
    +-------------------+-----+-----------+-----+-----------+
    |Sbox_address0      |   89|         18|    8|        144|
    |Sbox_address1      |   89|         18|    8|        144|
    |ap_NS_fsm          |  273|         64|    1|         64|
    |i_0_i_reg_1054     |    9|          2|    3|          6|
    |i_2_i_reg_1118     |    9|          2|    3|          6|
    |i_2_reg_1186       |    9|          2|    5|         10|
    |j_0_i14_reg_1153   |    9|          2|    3|          6|
    |j_0_i24_reg_1175   |    9|          2|    3|          6|
    |j_0_i7_reg_1129    |    9|          2|    3|          6|
    |j_0_i_reg_1042     |    9|          2|    3|          6|
    |j_1_i19_reg_1164   |    9|          2|    3|          6|
    |j_1_i_reg_1066     |    9|          2|    6|         12|
    |main_result_o      |    9|          2|   32|         64|
    |n_assign_reg_1141  |    9|          2|    4|          8|
    |reg_1245           |    9|          2|   32|         64|
    |reg_1251           |    9|          2|   32|         64|
    |reg_1257           |    9|          2|   32|         64|
    |reg_1262           |    9|          2|   32|         64|
    |reg_1281           |    9|          2|    8|         16|
    |reg_1286           |    9|          2|    8|         16|
    |ret_address0       |   27|          5|    5|         25|
    |ret_address1       |   27|          5|    5|         25|
    |ret_d0             |   15|          3|   32|         96|
    |ret_d1             |   15|          3|   32|         96|
    |statemt_address0   |  105|         22|    5|        110|
    |statemt_address1   |  101|         21|    5|        105|
    |statemt_d0         |   93|         19|   32|        608|
    |statemt_d1         |   93|         19|   32|        608|
    |temp_0_0_reg_1098  |    9|          2|   32|         64|
    |temp_1_0_reg_1088  |    9|          2|   32|         64|
    |temp_2_0_reg_1078  |    9|          2|   32|         64|
    |temp_3_reg_1108    |    9|          2|   32|         64|
    |word_address0      |   56|         13|    9|        117|
    |word_address1      |   53|         12|    9|        108|
    |word_d0            |   15|          3|   32|         96|
    +-------------------+-----+-----------+-----+-----------+
    |Total              | 1240|        267|  555|       3026|
    +-------------------+-----+-----------+-----+-----------+

    * Register: 
    +--------------------------+----+----+-----+-----------+
    |           Name           | FF | LUT| Bits| Const Bits|
    +--------------------------+----+----+-----+-----------+
    |add_ln163_2_reg_3394      |  10|   0|   10|          0|
    |add_ln248_1_reg_3289      |  10|   0|   10|          0|
    |add_ln248_reg_3284        |  10|   0|   10|          0|
    |ap_CS_fsm                 |  63|   0|   63|          0|
    |i_0_i_reg_1054            |   3|   0|    3|          0|
    |i_1_reg_3384              |   3|   0|    3|          0|
    |i_2_i_reg_1118            |   3|   0|    3|          0|
    |i_2_reg_1186              |   5|   0|    5|          0|
    |i_3_reg_3948              |   5|   0|    5|          0|
    |i_reg_3224                |   3|   0|    3|          0|
    |icmp_ln383_reg_3684       |   1|   0|    1|          0|
    |icmp_ln395_reg_3727       |   1|   0|    1|          0|
    |j_0_i14_reg_1153          |   3|   0|    3|          0|
    |j_0_i24_reg_1175          |   3|   0|    3|          0|
    |j_0_i7_reg_1129           |   3|   0|    3|          0|
    |j_0_i_reg_1042            |   3|   0|    3|          0|
    |j_1_i19_reg_1164          |   3|   0|    3|          0|
    |j_1_i_reg_1066            |   6|   0|    6|          0|
    |j_1_reg_3412              |   3|   0|    3|          0|
    |j_3_reg_3889              |   3|   0|    3|          0|
    |j_4_reg_3629              |   3|   0|    3|          0|
    |j_5_reg_3750              |   3|   0|    3|          0|
    |j_reg_3211                |   3|   0|    3|          0|
    |n_assign_reg_1141         |   4|   0|    4|          0|
    |or_ln_reg_3894            |   3|   0|    6|          3|
    |reg_1245                  |  32|   0|   32|          0|
    |reg_1251                  |  32|   0|   32|          0|
    |reg_1257                  |  32|   0|   32|          0|
    |reg_1262                  |  32|   0|   32|          0|
    |reg_1267                  |  32|   0|   32|          0|
    |reg_1272                  |  32|   0|   32|          0|
    |reg_1277                  |   8|   0|    8|          0|
    |reg_1281                  |   8|   0|    8|          0|
    |reg_1286                  |   8|   0|    8|          0|
    |reg_1291                  |   8|   0|    8|          0|
    |reg_1295                  |   8|   0|    8|          0|
    |reg_1299                  |   8|   0|    8|          0|
    |reg_1303                  |   8|   0|    8|          0|
    |reg_1307                  |   8|   0|    8|          0|
    |reg_1311                  |   8|   0|    8|          0|
    |reg_1315                  |   8|   0|    8|          0|
    |reg_1319                  |   8|   0|    8|          0|
    |reg_1323                  |   8|   0|    8|          0|
    |shl_ln1_reg_3427          |   2|   0|    4|          2|
    |shl_ln3_reg_3634          |   2|   0|    4|          2|
    |shl_ln564_1_reg_3909      |   2|   0|    4|          2|
    |shl_ln7_reg_3755          |   2|   0|    4|          2|
    |shl_ln_reg_3216           |   2|   0|    4|          2|
    |statemt_addr_1_reg_3433   |   2|   0|    5|          3|
    |statemt_addr_20_reg_3915  |   2|   0|    5|          3|
    |statemt_addr_21_reg_3920  |   2|   0|    5|          3|
    |statemt_addr_22_reg_3935  |   2|   0|    5|          3|
    |statemt_addr_23_reg_3940  |   2|   0|    5|          3|
    |statemt_addr_2_reg_3438   |   2|   0|    5|          3|
    |statemt_addr_3_reg_3528   |   2|   0|    5|          3|
    |statemt_addr_4_reg_3533   |   2|   0|    5|          3|
    |temp_0_0_reg_1098         |  32|   0|   32|          0|
    |temp_1_0_reg_1088         |  32|   0|   32|          0|
    |temp_2_0_reg_1078         |  32|   0|   32|          0|
    |temp_3_reg_1108           |  32|   0|   32|          0|
    |tmp_12_reg_3278           |   1|   0|    1|          0|
    |tmp_16_reg_3294           |   1|   0|    1|          0|
    |tmp_20_reg_3310           |   1|   0|    1|          0|
    |tmp_3_reg_3399            |  32|   0|   32|          0|
    |tmp_8_reg_3272            |   1|   0|    1|          0|
    |trunc_ln248_5_reg_3300    |   4|   0|    4|          0|
    |trunc_ln248_7_reg_3316    |   4|   0|    4|          0|
    |trunc_ln391_reg_3660      |  10|   0|   10|          0|
    |word_addr_2_reg_3246      |   9|   0|    9|          0|
    |word_addr_3_reg_3251      |   9|   0|    9|          0|
    |word_addr_4_reg_3257      |   6|   0|    9|          3|
    |x_6_reg_3676              |  32|   0|   32|          0|
    |x_reg_3689                |  32|   0|   32|          0|
    |xor_ln403_2_reg_3732      |  32|   0|   32|          0|
    |xor_ln415_2_reg_3737      |  32|   0|   32|          0|
    |xor_ln427_2_reg_3742      |  32|   0|   32|          0|
    |zext_ln162_reg_3376       |   6|   0|   10|          4|
    |zext_ln163_reg_3371       |   6|   0|   10|          4|
    |zext_ln248_4_reg_3305     |   6|   0|    6|          0|
    |zext_ln248_6_reg_3321     |   6|   0|    6|          0|
    |zext_ln382_reg_3640       |   2|   0|   64|         62|
    |zext_ln385_reg_3650       |   2|   0|   64|         62|
    |zext_ln391_1_reg_3707     |   2|   0|   64|         62|
    |zext_ln391_3_reg_3621     |   4|   0|   32|         28|
    |zext_ln391_reg_3697       |   2|   0|   64|         62|
    |zext_ln434_reg_3761       |   2|   0|   64|         62|
    |zext_ln435_reg_3771       |   2|   0|   64|         62|
    |zext_ln436_reg_3786       |   2|   0|   64|         62|
    |zext_ln437_reg_3796       |   2|   0|   64|         62|
    +--------------------------+----+----+-----+-----------+
    |Total                     | 884|   0| 1456|        572|
    +--------------------------+----+----+-----+-----------+



================================================================
== Interface
================================================================
* Summary: 
+----------------------+-----+-----+------------+--------------+--------------+
|       RTL Ports      | Dir | Bits|  Protocol  | Source Object|    C Type    |
+----------------------+-----+-----+------------+--------------+--------------+
|ap_clk                |  in |    1| ap_ctrl_hs |    encrypt   | return value |
|ap_rst                |  in |    1| ap_ctrl_hs |    encrypt   | return value |
|ap_start              |  in |    1| ap_ctrl_hs |    encrypt   | return value |
|ap_done               | out |    1| ap_ctrl_hs |    encrypt   | return value |
|ap_idle               | out |    1| ap_ctrl_hs |    encrypt   | return value |
|ap_ready              | out |    1| ap_ctrl_hs |    encrypt   | return value |
|statemt_address0      | out |    5|  ap_memory |    statemt   |     array    |
|statemt_ce0           | out |    1|  ap_memory |    statemt   |     array    |
|statemt_we0           | out |    1|  ap_memory |    statemt   |     array    |
|statemt_d0            | out |   32|  ap_memory |    statemt   |     array    |
|statemt_q0            |  in |   32|  ap_memory |    statemt   |     array    |
|statemt_address1      | out |    5|  ap_memory |    statemt   |     array    |
|statemt_ce1           | out |    1|  ap_memory |    statemt   |     array    |
|statemt_we1           | out |    1|  ap_memory |    statemt   |     array    |
|statemt_d1            | out |   32|  ap_memory |    statemt   |     array    |
|statemt_q1            |  in |   32|  ap_memory |    statemt   |     array    |
|key_address0          | out |    5|  ap_memory |      key     |     array    |
|key_ce0               | out |    1|  ap_memory |      key     |     array    |
|key_q0                |  in |   32|  ap_memory |      key     |     array    |
|word_address0         | out |    9|  ap_memory |     word     |     array    |
|word_ce0              | out |    1|  ap_memory |     word     |     array    |
|word_we0              | out |    1|  ap_memory |     word     |     array    |
|word_d0               | out |   32|  ap_memory |     word     |     array    |
|word_q0               |  in |   32|  ap_memory |     word     |     array    |
|word_address1         | out |    9|  ap_memory |     word     |     array    |
|word_ce1              | out |    1|  ap_memory |     word     |     array    |
|word_q1               |  in |   32|  ap_memory |     word     |     array    |
|round_val             | out |    5|   ap_vld   |   round_val  |    pointer   |
|round_val_ap_vld      | out |    1|   ap_vld   |   round_val  |    pointer   |
|nb                    | out |    4|   ap_vld   |      nb      |    pointer   |
|nb_ap_vld             | out |    1|   ap_vld   |      nb      |    pointer   |
|main_result_i         |  in |   32|   ap_ovld  |  main_result |    pointer   |
|main_result_o         | out |   32|   ap_ovld  |  main_result |    pointer   |
|main_result_o_ap_vld  | out |    1|   ap_ovld  |  main_result |    pointer   |
+----------------------+-----+-----+------------+--------------+--------------+

