

================================================================
== Vivado HLS Report for 'aes_main'
================================================================
* Date:           Sun Apr 11 00:47:05 2021

* Version:        2019.1 (Build 2552052 on Fri May 24 15:28:33 MDT 2019)
* Project:        AES_Solutions
* Solution:       solution1
* Product family: zynquplus
* Target device:  xczu7ev-ffvc1156-2-e


================================================================
== Performance Estimates
================================================================
+ Timing (ns): 
    * Summary: 
    +--------+-------+----------+------------+
    |  Clock | Target| Estimated| Uncertainty|
    +--------+-------+----------+------------+
    |ap_clk  |  10.00|     6.523|        1.25|
    +--------+-------+----------+------------+

+ Latency (clock cycles): 
    * Summary: 
    +-----+-----+-----+-----+---------+
    |  Latency  |  Interval | Pipeline|
    | min | max | min | max |   Type  |
    +-----+-----+-----+-----+---------+
    |  721|  721|  721|  721|   none  |
    +-----+-----+-----+-----+---------+

    + Detail: 
        * Instance: 
        +--------------------+---------+-----+-----+-----+-----+---------+
        |                    |         |  Latency  |  Interval | Pipeline|
        |      Instance      |  Module | min | max | min | max |   Type  |
        +--------------------+---------+-----+-----+-----+-----+---------+
        |grp_decrypt_fu_242  |decrypt  |  423|  423|  423|  423|   none  |
        |grp_encrypt_fu_264  |encrypt  |  287|  287|  287|  287|   none  |
        +--------------------+---------+-----+-----+-----+-----+---------+

        * Loop: 
        N/A



================================================================
== Utilization Estimates
================================================================
* Summary: 
+-----------------+---------+-------+--------+--------+-----+
|       Name      | BRAM_18K| DSP48E|   FF   |   LUT  | URAM|
+-----------------+---------+-------+--------+--------+-----+
|DSP              |        -|      -|       -|       -|    -|
|Expression       |        -|      -|       -|       -|    -|
|FIFO             |        -|      -|       -|       -|    -|
|Instance         |       12|      -|    9930|   71723|    0|
|Memory           |       10|      -|       0|       0|    0|
|Multiplexer      |        -|      -|       -|    1004|    -|
|Register         |        -|      -|      46|       -|    -|
+-----------------+---------+-------+--------+--------+-----+
|Total            |       22|      0|    9976|   72727|    0|
+-----------------+---------+-------+--------+--------+-----+
|Available        |      624|   1728|  460800|  230400|   96|
+-----------------+---------+-------+--------+--------+-----+
|Utilization (%)  |        3|      0|       2|      31|    0|
+-----------------+---------+-------+--------+--------+-----+

+ Detail: 
    * Instance: 
    +--------------------+---------+---------+-------+------+-------+-----+
    |      Instance      |  Module | BRAM_18K| DSP48E|  FF  |  LUT  | URAM|
    +--------------------+---------+---------+-------+------+-------+-----+
    |grp_decrypt_fu_242  |decrypt  |        6|      0|  5601|  56395|    0|
    |grp_encrypt_fu_264  |encrypt  |        6|      0|  4329|  15328|    0|
    +--------------------+---------+---------+-------+------+-------+-----+
    |Total               |         |       12|      0|  9930|  71723|    0|
    +--------------------+---------+---------+-------+------+-------+-----+

    * DSP48E: 
    N/A

    * Memory: 
    +-------------+--------------------+---------+---+----+-----+------+-----+------+-------------+
    |    Memory   |       Module       | BRAM_18K| FF| LUT| URAM| Words| Bits| Banks| W*Bits*Banks|
    +-------------+--------------------+---------+---+----+-----+------+-----+------+-------------+
    |statemt_0_U  |aes_main_statemt_0  |        2|  0|   0|    0|    16|   32|     1|          512|
    |statemt_1_U  |aes_main_statemt_0  |        2|  0|   0|    0|    16|   32|     1|          512|
    |key_0_U      |aes_main_statemt_0  |        2|  0|   0|    0|    16|   32|     1|          512|
    |word_0_U     |aes_main_word_0     |        2|  0|   0|    0|   240|   32|     1|         7680|
    |word_1_U     |aes_main_word_0     |        2|  0|   0|    0|   240|   32|     1|         7680|
    +-------------+--------------------+---------+---+----+-----+------+-----+------+-------------+
    |Total        |                    |       10|  0|   0|    0|   528|  160|     5|        16896|
    +-------------+--------------------+---------+---+----+-----+------+-----+------+-------------+

    * FIFO: 
    N/A

    * Expression: 
    N/A

    * Multiplexer: 
    +--------------------+----+-----------+-----+-----------+
    |        Name        | LUT| Input Size| Bits| Total Bits|
    +--------------------+----+-----------+-----+-----------+
    |ap_NS_fsm           |  56|         13|    1|         13|
    |key_0_address0      |  50|         11|    4|         44|
    |key_0_address1      |  50|         11|    4|         44|
    |key_0_ce0           |  21|          4|    1|          4|
    |key_0_ce1           |  21|          4|    1|          4|
    |key_0_d0            |  41|          8|   32|        256|
    |key_0_d1            |  44|          9|   32|        288|
    |main_result         |   9|          2|   32|         64|
    |statemt_0_address0  |  38|          7|    4|         28|
    |statemt_0_address1  |  38|          7|    4|         28|
    |statemt_0_ce0       |  21|          4|    1|          4|
    |statemt_0_ce1       |  21|          4|    1|          4|
    |statemt_0_d0        |  38|          7|   32|        224|
    |statemt_0_d1        |  38|          7|   32|        224|
    |statemt_0_we0       |  21|          4|    1|          4|
    |statemt_0_we1       |  21|          4|    1|          4|
    |statemt_1_address0  |  38|          7|    4|         28|
    |statemt_1_address1  |  38|          7|    4|         28|
    |statemt_1_ce0       |  21|          4|    1|          4|
    |statemt_1_ce1       |  21|          4|    1|          4|
    |statemt_1_d0        |  38|          7|   32|        224|
    |statemt_1_d1        |  38|          7|   32|        224|
    |statemt_1_we0       |  21|          4|    1|          4|
    |statemt_1_we1       |  21|          4|    1|          4|
    |word_0_address0     |  15|          3|    8|         24|
    |word_0_address1     |  15|          3|    8|         24|
    |word_0_ce0          |  15|          3|    1|          3|
    |word_0_ce1          |  15|          3|    1|          3|
    |word_0_d0           |  15|          3|   32|         96|
    |word_0_d1           |  15|          3|   32|         96|
    |word_0_we0          |  15|          3|    1|          3|
    |word_0_we1          |  15|          3|    1|          3|
    |word_1_address0     |  15|          3|    8|         24|
    |word_1_address1     |  15|          3|    8|         24|
    |word_1_ce0          |  15|          3|    1|          3|
    |word_1_ce1          |  15|          3|    1|          3|
    |word_1_d0           |  15|          3|   32|         96|
    |word_1_d1           |  15|          3|   32|         96|
    |word_1_we0          |  15|          3|    1|          3|
    |word_1_we1          |  15|          3|    1|          3|
    +--------------------+----+-----------+-----+-----------+
    |Total               |1004|        198|  427|       2261|
    +--------------------+----+-----------+-----+-----------+

    * Register: 
    +---------------------------------+----+----+-----+-----------+
    |               Name              | FF | LUT| Bits| Const Bits|
    +---------------------------------+----+----+-----+-----------+
    |ap_CS_fsm                        |  12|   0|   12|          0|
    |grp_decrypt_fu_242_ap_start_reg  |   1|   0|    1|          0|
    |grp_encrypt_fu_264_ap_start_reg  |   1|   0|    1|          0|
    |main_result                      |  32|   0|   32|          0|
    +---------------------------------+----+----+-----+-----------+
    |Total                            |  46|   0|   46|          0|
    +---------------------------------+----+----+-----+-----------+



================================================================
== Interface
================================================================
* Summary: 
+-----------+-----+-----+------------+--------------+--------------+
| RTL Ports | Dir | Bits|  Protocol  | Source Object|    C Type    |
+-----------+-----+-----+------------+--------------+--------------+
|ap_clk     |  in |    1| ap_ctrl_hs |   aes_main   | return value |
|ap_rst     |  in |    1| ap_ctrl_hs |   aes_main   | return value |
|ap_start   |  in |    1| ap_ctrl_hs |   aes_main   | return value |
|ap_done    | out |    1| ap_ctrl_hs |   aes_main   | return value |
|ap_idle    | out |    1| ap_ctrl_hs |   aes_main   | return value |
|ap_ready   | out |    1| ap_ctrl_hs |   aes_main   | return value |
|ap_return  | out |   32| ap_ctrl_hs |   aes_main   | return value |
+-----------+-----+-----+------------+--------------+--------------+

